>>> say_my_name = __import__('3-say_my_name').say_my_name
>>> say_my_name("Jose", "Mourinho")
My name is Jose Mourinho
>>> say_my_name("Mike")
My name is Mike 
>>> say_my_name(10)
Traceback (most recent call last):
  File "<stdin>", line 1, in <module>
  File "/home/mike/Dev/ALX/alx-higher_level_programming/0x07-python-test_driven_development/3-say_my_name.py", line 9, in say_my_name
    raise TypeError("first_name must be a string")
TypeError: first_name must be a string
>>> say_my_name()
Traceback (most recent call last):
  File "<stdin>", line 1, in <module>
TypeError: say_my_name() missing 1 required positional argument: 'first_name'
